Archive member included to satisfy reference by file (symbol)

c:/gmd/toolchain/risc-v_toolchain/bin/../lib/gcc/riscv-none-embed/8.2.0/rv32im/ilp32\libgcc.a(save-restore.o)
                              ./user/oled_i2c.o (__riscv_save_12)

Allocating common symbols
Common symbol       size              file

tmp0                0x4               ./user/main.o
tmp1                0x4               ./user/main.o

Discarded input sections

 .group         0x0000000000000000        0xc ./user/main.o
 .group         0x0000000000000000        0xc ./user/main.o
 .group         0x0000000000000000        0xc ./user/main.o
 .group         0x0000000000000000        0xc ./user/main.o
 .group         0x0000000000000000        0xc ./user/main.o
 .group         0x0000000000000000        0xc ./user/main.o
 .group         0x0000000000000000        0xc ./user/main.o
 .group         0x0000000000000000        0xc ./user/main.o
 .group         0x0000000000000000        0xc ./user/main.o
 .group         0x0000000000000000        0xc ./user/main.o
 .group         0x0000000000000000        0xc ./user/main.o
 .group         0x0000000000000000        0xc ./user/main.o
 .group         0x0000000000000000        0xc ./user/main.o
 .group         0x0000000000000000        0xc ./user/main.o
 .group         0x0000000000000000        0xc ./user/main.o
 .group         0x0000000000000000        0xc ./user/main.o
 .group         0x0000000000000000        0xc ./user/main.o
 .group         0x0000000000000000        0xc ./user/main.o
 .group         0x0000000000000000        0xc ./user/main.o
 .group         0x0000000000000000        0xc ./user/main.o
 .group         0x0000000000000000        0xc ./user/main.o
 .group         0x0000000000000000        0xc ./user/main.o
 .group         0x0000000000000000        0xc ./user/main.o
 .group         0x0000000000000000        0xc ./user/main.o
 .group         0x0000000000000000        0xc ./user/main.o
 .group         0x0000000000000000        0xc ./user/main.o
 .group         0x0000000000000000        0xc ./user/main.o
 .group         0x0000000000000000        0xc ./user/main.o
 .group         0x0000000000000000        0xc ./user/main.o
 .group         0x0000000000000000        0xc ./user/main.o
 .group         0x0000000000000000        0xc ./user/main.o
 .group         0x0000000000000000        0xc ./user/main.o
 .group         0x0000000000000000        0xc ./user/main.o
 .group         0x0000000000000000        0xc ./user/main.o
 .group         0x0000000000000000        0xc ./user/main.o
 .group         0x0000000000000000        0xc ./user/main.o
 .group         0x0000000000000000        0xc ./user/main.o
 .group         0x0000000000000000        0xc ./user/main.o
 .group         0x0000000000000000        0xc ./user/main.o
 .group         0x0000000000000000        0xc ./user/main.o
 .text          0x0000000000000000        0x0 ./user/main.o
 .data          0x0000000000000000        0x0 ./user/main.o
 .bss           0x0000000000000000        0x0 ./user/main.o
 .text.ahbreg_demo
                0x0000000000000000       0x7c ./user/main.o
 .group         0x0000000000000000        0xc ./user/oled_i2c.o
 .group         0x0000000000000000        0xc ./user/oled_i2c.o
 .group         0x0000000000000000        0xc ./user/oled_i2c.o
 .group         0x0000000000000000        0xc ./user/oled_i2c.o
 .group         0x0000000000000000        0xc ./user/oled_i2c.o
 .group         0x0000000000000000        0xc ./user/oled_i2c.o
 .group         0x0000000000000000        0xc ./user/oled_i2c.o
 .group         0x0000000000000000        0xc ./user/oled_i2c.o
 .group         0x0000000000000000        0xc ./user/oled_i2c.o
 .group         0x0000000000000000        0xc ./user/oled_i2c.o
 .group         0x0000000000000000        0xc ./user/oled_i2c.o
 .group         0x0000000000000000        0xc ./user/oled_i2c.o
 .group         0x0000000000000000        0xc ./user/oled_i2c.o
 .group         0x0000000000000000        0xc ./user/oled_i2c.o
 .group         0x0000000000000000        0xc ./user/oled_i2c.o
 .group         0x0000000000000000        0xc ./user/oled_i2c.o
 .group         0x0000000000000000        0xc ./user/oled_i2c.o
 .group         0x0000000000000000        0xc ./user/oled_i2c.o
 .group         0x0000000000000000        0xc ./user/oled_i2c.o
 .group         0x0000000000000000        0xc ./user/oled_i2c.o
 .group         0x0000000000000000        0xc ./user/oled_i2c.o
 .group         0x0000000000000000        0xc ./user/oled_i2c.o
 .group         0x0000000000000000        0xc ./user/oled_i2c.o
 .group         0x0000000000000000        0xc ./user/oled_i2c.o
 .group         0x0000000000000000        0xc ./user/oled_i2c.o
 .group         0x0000000000000000        0xc ./user/oled_i2c.o
 .group         0x0000000000000000        0xc ./user/oled_i2c.o
 .group         0x0000000000000000        0xc ./user/oled_i2c.o
 .group         0x0000000000000000        0xc ./user/oled_i2c.o
 .group         0x0000000000000000        0xc ./user/oled_i2c.o
 .group         0x0000000000000000        0xc ./user/oled_i2c.o
 .group         0x0000000000000000        0xc ./user/oled_i2c.o
 .group         0x0000000000000000        0xc ./user/oled_i2c.o
 .group         0x0000000000000000        0xc ./user/oled_i2c.o
 .group         0x0000000000000000        0xc ./user/oled_i2c.o
 .group         0x0000000000000000        0xc ./user/oled_i2c.o
 .group         0x0000000000000000        0xc ./user/oled_i2c.o
 .group         0x0000000000000000        0xc ./user/oled_i2c.o
 .group         0x0000000000000000        0xc ./user/oled_i2c.o
 .group         0x0000000000000000        0xc ./user/oled_i2c.o
 .text          0x0000000000000000        0x0 ./user/oled_i2c.o
 .data          0x0000000000000000        0x0 ./user/oled_i2c.o
 .bss           0x0000000000000000        0x0 ./user/oled_i2c.o
 .text.IIC_Config
                0x0000000000000000       0x22 ./user/oled_i2c.o
 .text.WriteCmd
                0x0000000000000000       0x24 ./user/oled_i2c.o
 .text.WriteDat
                0x0000000000000000       0x26 ./user/oled_i2c.o
 .text.OLED_Init
                0x0000000000000000      0x168 ./user/oled_i2c.o
 .text.OLED_ON  0x0000000000000000       0x32 ./user/oled_i2c.o
 .text.OLED_OFF
                0x0000000000000000       0x32 ./user/oled_i2c.o
 .text.OLED_RefreshRAM
                0x0000000000000000       0x68 ./user/oled_i2c.o
 .text.OLED_ClearRAM
                0x0000000000000000       0x2e ./user/oled_i2c.o
 .text.OLED_FullyFill
                0x0000000000000000       0x44 ./user/oled_i2c.o
 .text.OLED_FullyClear
                0x0000000000000000       0x1a ./user/oled_i2c.o
 .text.OLED_SetPixel
                0x0000000000000000       0x58 ./user/oled_i2c.o
 .text.OLED_GetPixel
                0x0000000000000000       0x26 ./user/oled_i2c.o
 .text.OLED_ShowStr
                0x0000000000000000      0x214 ./user/oled_i2c.o
 .text.OLED_ShowCN
                0x0000000000000000      0x240 ./user/oled_i2c.o
 .text.OLED_ShowMixedCH
                0x0000000000000000      0x29c ./user/oled_i2c.o
 .text.OLED_DrawBMP
                0x0000000000000000       0x94 ./user/oled_i2c.o
 .text.OLED_AreaFill
                0x0000000000000000       0x94 ./user/oled_i2c.o
 .text.OLED_AreaClear
                0x0000000000000000       0x9c ./user/oled_i2c.o
 .text.OLED_FullyToggle
                0x0000000000000000       0x4c ./user/oled_i2c.o
 .text.OLED_AreaToggle
                0x0000000000000000       0xb0 ./user/oled_i2c.o
 .text.OLED_VerticalShift
                0x0000000000000000       0x42 ./user/oled_i2c.o
 .text.OLED_HorizontalShift
                0x0000000000000000       0x62 ./user/oled_i2c.o
 .text.OLED_VerticalAndHorizontalShift
                0x0000000000000000       0x56 ./user/oled_i2c.o
 .text.OLED_DisplayMode
                0x0000000000000000       0x18 ./user/oled_i2c.o
 .text.OLED_IntensityControl
                0x0000000000000000       0x28 ./user/oled_i2c.o
 .bss.OLED_RAM  0x0000000000000000      0x400 ./user/oled_i2c.o
 .rodata.BMP_Picture
                0x0000000000000000       0x80 ./user/oled_i2c.o
 .rodata.F16x16_CN
                0x0000000000000000       0x66 ./user/oled_i2c.o
 .rodata.F6x8   0x0000000000000000      0x228 ./user/oled_i2c.o
 .rodata.F8X16  0x0000000000000000      0x5f0 ./user/oled_i2c.o
 .sbss.HZ       0x0000000000000000        0x4 ./user/oled_i2c.o
 .sdata2.displayHeight
                0x0000000000000000        0x2 ./user/oled_i2c.o
 .sdata2.displayWidth
                0x0000000000000000        0x2 ./user/oled_i2c.o
 .debug_info    0x0000000000000000     0x1bbd ./user/oled_i2c.o
 .debug_abbrev  0x0000000000000000      0x3b9 ./user/oled_i2c.o
 .debug_loc     0x0000000000000000      0xf14 ./user/oled_i2c.o
 .debug_aranges
                0x0000000000000000       0xe0 ./user/oled_i2c.o
 .debug_ranges  0x0000000000000000      0x460 ./user/oled_i2c.o
 .debug_macro   0x0000000000000000      0x26e ./user/oled_i2c.o
 .debug_macro   0x0000000000000000      0x754 ./user/oled_i2c.o
 .debug_macro   0x0000000000000000       0x22 ./user/oled_i2c.o
 .debug_macro   0x0000000000000000       0x8e ./user/oled_i2c.o
 .debug_macro   0x0000000000000000       0x51 ./user/oled_i2c.o
 .debug_macro   0x0000000000000000       0xef ./user/oled_i2c.o
 .debug_macro   0x0000000000000000       0x6a ./user/oled_i2c.o
 .debug_macro   0x0000000000000000      0x1df ./user/oled_i2c.o
 .debug_macro   0x0000000000000000       0x58 ./user/oled_i2c.o
 .debug_macro   0x0000000000000000       0x19 ./user/oled_i2c.o
 .debug_macro   0x0000000000000000       0x34 ./user/oled_i2c.o
 .debug_macro   0x0000000000000000       0x34 ./user/oled_i2c.o
 .debug_macro   0x0000000000000000       0x16 ./user/oled_i2c.o
 .debug_macro   0x0000000000000000       0x97 ./user/oled_i2c.o
 .debug_macro   0x0000000000000000      0x330 ./user/oled_i2c.o
 .debug_macro   0x0000000000000000       0xfd ./user/oled_i2c.o
 .debug_macro   0x0000000000000000       0x10 ./user/oled_i2c.o
 .debug_macro   0x0000000000000000       0x58 ./user/oled_i2c.o
 .debug_macro   0x0000000000000000       0x1f ./user/oled_i2c.o
 .debug_macro   0x0000000000000000       0x43 ./user/oled_i2c.o
 .debug_macro   0x0000000000000000       0x20 ./user/oled_i2c.o
 .debug_macro   0x0000000000000000      0x18e ./user/oled_i2c.o
 .debug_macro   0x0000000000000000       0x10 ./user/oled_i2c.o
 .debug_macro   0x0000000000000000       0x1c ./user/oled_i2c.o
 .debug_macro   0x0000000000000000       0x52 ./user/oled_i2c.o
 .debug_macro   0x0000000000000000       0x40 ./user/oled_i2c.o
 .debug_macro   0x0000000000000000       0x10 ./user/oled_i2c.o
 .debug_macro   0x0000000000000000       0x40 ./user/oled_i2c.o
 .debug_macro   0x0000000000000000       0xd7 ./user/oled_i2c.o
 .debug_macro   0x0000000000000000       0x1c ./user/oled_i2c.o
 .debug_macro   0x0000000000000000       0x3d ./user/oled_i2c.o
 .debug_macro   0x0000000000000000       0x16 ./user/oled_i2c.o
 .debug_macro   0x0000000000000000      0x16f ./user/oled_i2c.o
 .debug_macro   0x0000000000000000       0x22 ./user/oled_i2c.o
 .debug_macro   0x0000000000000000       0x99 ./user/oled_i2c.o
 .debug_macro   0x0000000000000000       0x58 ./user/oled_i2c.o
 .debug_macro   0x0000000000000000       0x10 ./user/oled_i2c.o
 .debug_macro   0x0000000000000000       0x35 ./user/oled_i2c.o
 .debug_macro   0x0000000000000000      0x4cc ./user/oled_i2c.o
 .debug_macro   0x0000000000000000       0x16 ./user/oled_i2c.o
 .debug_macro   0x0000000000000000       0x22 ./user/oled_i2c.o
 .debug_line    0x0000000000000000     0x1869 ./user/oled_i2c.o
 .debug_str     0x0000000000000000     0x8f70 ./user/oled_i2c.o
 .comment       0x0000000000000000       0x3a ./user/oled_i2c.o
 .debug_frame   0x0000000000000000      0x3e4 ./user/oled_i2c.o
 .group         0x0000000000000000        0xc ./user/printf.o
 .group         0x0000000000000000        0xc ./user/printf.o
 .group         0x0000000000000000        0xc ./user/printf.o
 .group         0x0000000000000000        0xc ./user/printf.o
 .group         0x0000000000000000        0xc ./user/printf.o
 .group         0x0000000000000000        0xc ./user/printf.o
 .group         0x0000000000000000        0xc ./user/printf.o
 .group         0x0000000000000000        0xc ./user/printf.o
 .group         0x0000000000000000        0xc ./user/printf.o
 .group         0x0000000000000000        0xc ./user/printf.o
 .group         0x0000000000000000        0xc ./user/printf.o
 .group         0x0000000000000000        0xc ./user/printf.o
 .group         0x0000000000000000        0xc ./user/printf.o
 .group         0x0000000000000000        0xc ./user/printf.o
 .group         0x0000000000000000        0xc ./user/printf.o
 .group         0x0000000000000000        0xc ./user/printf.o
 .group         0x0000000000000000        0xc ./user/printf.o
 .group         0x0000000000000000        0xc ./user/printf.o
 .group         0x0000000000000000        0xc ./user/printf.o
 .group         0x0000000000000000        0xc ./user/printf.o
 .group         0x0000000000000000        0xc ./user/printf.o
 .group         0x0000000000000000        0xc ./user/printf.o
 .group         0x0000000000000000        0xc ./user/printf.o
 .group         0x0000000000000000        0xc ./user/printf.o
 .group         0x0000000000000000        0xc ./user/printf.o
 .group         0x0000000000000000        0xc ./user/printf.o
 .group         0x0000000000000000        0xc ./user/printf.o
 .group         0x0000000000000000        0xc ./user/printf.o
 .group         0x0000000000000000        0xc ./user/printf.o
 .group         0x0000000000000000        0xc ./user/printf.o
 .group         0x0000000000000000        0xc ./user/printf.o
 .group         0x0000000000000000        0xc ./user/printf.o
 .group         0x0000000000000000        0xc ./user/printf.o
 .group         0x0000000000000000        0xc ./user/printf.o
 .text          0x0000000000000000        0x0 ./user/printf.o
 .data          0x0000000000000000        0x0 ./user/printf.o
 .bss           0x0000000000000000        0x0 ./user/printf.o
 .text.sprintf  0x0000000000000000       0x26 ./user/printf.o
 .text.snprintf
                0x0000000000000000       0x26 ./user/printf.o
 .text.write    0x0000000000000000        0x4 ./user/printf.o
 .debug_macro   0x0000000000000000      0x754 ./user/printf.o
 .debug_macro   0x0000000000000000       0x22 ./user/printf.o
 .debug_macro   0x0000000000000000       0x8e ./user/printf.o
 .debug_macro   0x0000000000000000       0x51 ./user/printf.o
 .debug_macro   0x0000000000000000       0xef ./user/printf.o
 .debug_macro   0x0000000000000000       0x6a ./user/printf.o
 .debug_macro   0x0000000000000000      0x1df ./user/printf.o
 .debug_macro   0x0000000000000000       0x58 ./user/printf.o
 .debug_macro   0x0000000000000000       0x19 ./user/printf.o
 .debug_macro   0x0000000000000000       0x34 ./user/printf.o
 .debug_macro   0x0000000000000000       0x34 ./user/printf.o
 .debug_macro   0x0000000000000000       0x16 ./user/printf.o
 .debug_macro   0x0000000000000000       0x97 ./user/printf.o
 .debug_macro   0x0000000000000000      0x330 ./user/printf.o
 .debug_macro   0x0000000000000000       0xfd ./user/printf.o
 .debug_macro   0x0000000000000000       0x58 ./user/printf.o
 .debug_macro   0x0000000000000000       0x1f ./user/printf.o
 .debug_macro   0x0000000000000000       0x43 ./user/printf.o
 .debug_macro   0x0000000000000000       0x20 ./user/printf.o
 .debug_macro   0x0000000000000000      0x18e ./user/printf.o
 .debug_macro   0x0000000000000000       0x10 ./user/printf.o
 .debug_macro   0x0000000000000000       0x1c ./user/printf.o
 .debug_macro   0x0000000000000000       0x52 ./user/printf.o
 .debug_macro   0x0000000000000000       0x40 ./user/printf.o
 .debug_macro   0x0000000000000000       0x10 ./user/printf.o
 .debug_macro   0x0000000000000000       0x40 ./user/printf.o
 .debug_macro   0x0000000000000000       0xd7 ./user/printf.o
 .debug_macro   0x0000000000000000       0x1c ./user/printf.o
 .debug_macro   0x0000000000000000       0x3d ./user/printf.o
 .debug_macro   0x0000000000000000       0x16 ./user/printf.o
 .debug_macro   0x0000000000000000      0x16f ./user/printf.o
 .debug_macro   0x0000000000000000       0x22 ./user/printf.o
 .debug_macro   0x0000000000000000       0x99 ./user/printf.o
 .group         0x0000000000000000        0xc ./system/firmware.o
 .group         0x0000000000000000        0xc ./system/firmware.o
 .group         0x0000000000000000        0xc ./system/firmware.o
 .group         0x0000000000000000        0xc ./system/firmware.o
 .group         0x0000000000000000        0xc ./system/firmware.o
 .group         0x0000000000000000        0xc ./system/firmware.o
 .group         0x0000000000000000        0xc ./system/firmware.o
 .group         0x0000000000000000        0xc ./system/firmware.o
 .group         0x0000000000000000        0xc ./system/firmware.o
 .group         0x0000000000000000        0xc ./system/firmware.o
 .group         0x0000000000000000        0xc ./system/firmware.o
 .group         0x0000000000000000        0xc ./system/firmware.o
 .group         0x0000000000000000        0xc ./system/firmware.o
 .group         0x0000000000000000        0xc ./system/firmware.o
 .group         0x0000000000000000        0xc ./system/firmware.o
 .group         0x0000000000000000        0xc ./system/firmware.o
 .group         0x0000000000000000        0xc ./system/firmware.o
 .group         0x0000000000000000        0xc ./system/firmware.o
 .group         0x0000000000000000        0xc ./system/firmware.o
 .group         0x0000000000000000        0xc ./system/firmware.o
 .group         0x0000000000000000        0xc ./system/firmware.o
 .group         0x0000000000000000        0xc ./system/firmware.o
 .group         0x0000000000000000        0xc ./system/firmware.o
 .group         0x0000000000000000        0xc ./system/firmware.o
 .group         0x0000000000000000        0xc ./system/firmware.o
 .group         0x0000000000000000        0xc ./system/firmware.o
 .group         0x0000000000000000        0xc ./system/firmware.o
 .group         0x0000000000000000        0xc ./system/firmware.o
 .group         0x0000000000000000        0xc ./system/firmware.o
 .group         0x0000000000000000        0xc ./system/firmware.o
 .group         0x0000000000000000        0xc ./system/firmware.o
 .group         0x0000000000000000        0xc ./system/firmware.o
 .group         0x0000000000000000        0xc ./system/firmware.o
 .group         0x0000000000000000        0xc ./system/firmware.o
 .group         0x0000000000000000        0xc ./system/firmware.o
 .text          0x0000000000000000        0x0 ./system/firmware.o
 .data          0x0000000000000000        0x0 ./system/firmware.o
 .bss           0x0000000000000000        0x0 ./system/firmware.o
 .text.stats_print_dec
                0x0000000000000000       0x7c ./system/firmware.o
 .text.stats    0x0000000000000000       0xd8 ./system/firmware.o
 .text.delay    0x0000000000000000       0x46 ./system/firmware.o
 .text.memset_32
                0x0000000000000000       0x12 ./system/firmware.o
 .rodata        0x0000000000000000       0xb8 ./system/firmware.o
 .debug_info    0x0000000000000000      0xbe1 ./system/firmware.o
 .debug_abbrev  0x0000000000000000      0x2a1 ./system/firmware.o
 .debug_loc     0x0000000000000000      0x1c1 ./system/firmware.o
 .debug_aranges
                0x0000000000000000       0x38 ./system/firmware.o
 .debug_ranges  0x0000000000000000       0x28 ./system/firmware.o
 .debug_macro   0x0000000000000000      0x1f3 ./system/firmware.o
 .debug_macro   0x0000000000000000      0x754 ./system/firmware.o
 .debug_macro   0x0000000000000000       0x22 ./system/firmware.o
 .debug_macro   0x0000000000000000       0x22 ./system/firmware.o
 .debug_macro   0x0000000000000000       0x8e ./system/firmware.o
 .debug_macro   0x0000000000000000       0x51 ./system/firmware.o
 .debug_macro   0x0000000000000000       0xef ./system/firmware.o
 .debug_macro   0x0000000000000000       0x6a ./system/firmware.o
 .debug_macro   0x0000000000000000      0x1df ./system/firmware.o
 .debug_macro   0x0000000000000000       0x58 ./system/firmware.o
 .debug_macro   0x0000000000000000       0x19 ./system/firmware.o
 .debug_macro   0x0000000000000000       0x34 ./system/firmware.o
 .debug_macro   0x0000000000000000       0x34 ./system/firmware.o
 .debug_macro   0x0000000000000000       0x16 ./system/firmware.o
 .debug_macro   0x0000000000000000       0x97 ./system/firmware.o
 .debug_macro   0x0000000000000000      0x330 ./system/firmware.o
 .debug_macro   0x0000000000000000       0xfd ./system/firmware.o
 .debug_macro   0x0000000000000000       0x10 ./system/firmware.o
 .debug_macro   0x0000000000000000       0x58 ./system/firmware.o
 .debug_macro   0x0000000000000000       0x1f ./system/firmware.o
 .debug_macro   0x0000000000000000       0x43 ./system/firmware.o
 .debug_macro   0x0000000000000000       0x20 ./system/firmware.o
 .debug_macro   0x0000000000000000      0x18e ./system/firmware.o
 .debug_macro   0x0000000000000000       0x10 ./system/firmware.o
 .debug_macro   0x0000000000000000       0x1c ./system/firmware.o
 .debug_macro   0x0000000000000000       0x52 ./system/firmware.o
 .debug_macro   0x0000000000000000       0x40 ./system/firmware.o
 .debug_macro   0x0000000000000000       0x10 ./system/firmware.o
 .debug_macro   0x0000000000000000       0x40 ./system/firmware.o
 .debug_macro   0x0000000000000000       0xd7 ./system/firmware.o
 .debug_macro   0x0000000000000000       0x1c ./system/firmware.o
 .debug_macro   0x0000000000000000       0x3d ./system/firmware.o
 .debug_macro   0x0000000000000000       0x16 ./system/firmware.o
 .debug_macro   0x0000000000000000      0x16f ./system/firmware.o
 .debug_macro   0x0000000000000000       0x22 ./system/firmware.o
 .debug_macro   0x0000000000000000       0x99 ./system/firmware.o
 .debug_line    0x0000000000000000      0x62b ./system/firmware.o
 .debug_str     0x0000000000000000     0x793a ./system/firmware.o
 .comment       0x0000000000000000       0x3a ./system/firmware.o
 .debug_frame   0x0000000000000000       0x90 ./system/firmware.o
 .group         0x0000000000000000        0xc ./system/irq.o
 .group         0x0000000000000000        0xc ./system/irq.o
 .group         0x0000000000000000        0xc ./system/irq.o
 .group         0x0000000000000000        0xc ./system/irq.o
 .group         0x0000000000000000        0xc ./system/irq.o
 .group         0x0000000000000000        0xc ./system/irq.o
 .group         0x0000000000000000        0xc ./system/irq.o
 .group         0x0000000000000000        0xc ./system/irq.o
 .group         0x0000000000000000        0xc ./system/irq.o
 .group         0x0000000000000000        0xc ./system/irq.o
 .group         0x0000000000000000        0xc ./system/irq.o
 .group         0x0000000000000000        0xc ./system/irq.o
 .group         0x0000000000000000        0xc ./system/irq.o
 .group         0x0000000000000000        0xc ./system/irq.o
 .group         0x0000000000000000        0xc ./system/irq.o
 .group         0x0000000000000000        0xc ./system/irq.o
 .group         0x0000000000000000        0xc ./system/irq.o
 .group         0x0000000000000000        0xc ./system/irq.o
 .group         0x0000000000000000        0xc ./system/irq.o
 .group         0x0000000000000000        0xc ./system/irq.o
 .group         0x0000000000000000        0xc ./system/irq.o
 .group         0x0000000000000000        0xc ./system/irq.o
 .group         0x0000000000000000        0xc ./system/irq.o
 .group         0x0000000000000000        0xc ./system/irq.o
 .group         0x0000000000000000        0xc ./system/irq.o
 .group         0x0000000000000000        0xc ./system/irq.o
 .group         0x0000000000000000        0xc ./system/irq.o
 .group         0x0000000000000000        0xc ./system/irq.o
 .group         0x0000000000000000        0xc ./system/irq.o
 .group         0x0000000000000000        0xc ./system/irq.o
 .group         0x0000000000000000        0xc ./system/irq.o
 .group         0x0000000000000000        0xc ./system/irq.o
 .group         0x0000000000000000        0xc ./system/irq.o
 .group         0x0000000000000000        0xc ./system/irq.o
 .group         0x0000000000000000        0xc ./system/irq.o
 .text          0x0000000000000000        0x0 ./system/irq.o
 .data          0x0000000000000000        0x0 ./system/irq.o
 .bss           0x0000000000000000        0x0 ./system/irq.o
 .text.irq_mask_one_bit
                0x0000000000000000       0x4c ./system/irq.o
 .text.irq_unmask_one_bit
                0x0000000000000000       0x50 ./system/irq.o
 .text.set_timer
                0x0000000000000000       0x26 ./system/irq.o
 .sbss.tmp      0x0000000000000000        0x4 ./system/irq.o
 .sbss.val      0x0000000000000000        0x4 ./system/irq.o
 .debug_macro   0x0000000000000000      0x754 ./system/irq.o
 .debug_macro   0x0000000000000000       0x22 ./system/irq.o
 .debug_macro   0x0000000000000000       0x19 ./system/irq.o
 .debug_macro   0x0000000000000000       0x34 ./system/irq.o
 .debug_macro   0x0000000000000000       0x34 ./system/irq.o
 .debug_macro   0x0000000000000000       0x16 ./system/irq.o
 .debug_macro   0x0000000000000000       0x97 ./system/irq.o
 .debug_macro   0x0000000000000000      0x330 ./system/irq.o
 .debug_macro   0x0000000000000000       0xfd ./system/irq.o
 .debug_macro   0x0000000000000000       0x10 ./system/irq.o
 .debug_macro   0x0000000000000000       0x58 ./system/irq.o
 .debug_macro   0x0000000000000000       0x1f ./system/irq.o
 .debug_macro   0x0000000000000000       0x43 ./system/irq.o
 .debug_macro   0x0000000000000000       0x20 ./system/irq.o
 .debug_macro   0x0000000000000000      0x18e ./system/irq.o
 .debug_macro   0x0000000000000000       0x10 ./system/irq.o
 .debug_macro   0x0000000000000000       0x6a ./system/irq.o
 .debug_macro   0x0000000000000000       0x1c ./system/irq.o
 .debug_macro   0x0000000000000000       0x52 ./system/irq.o
 .debug_macro   0x0000000000000000       0x40 ./system/irq.o
 .debug_macro   0x0000000000000000       0x10 ./system/irq.o
 .debug_macro   0x0000000000000000       0x40 ./system/irq.o
 .debug_macro   0x0000000000000000       0xd7 ./system/irq.o
 .debug_macro   0x0000000000000000       0x1c ./system/irq.o
 .debug_macro   0x0000000000000000       0x3d ./system/irq.o
 .debug_macro   0x0000000000000000       0x16 ./system/irq.o
 .debug_macro   0x0000000000000000      0x16f ./system/irq.o
 .debug_macro   0x0000000000000000       0x22 ./system/irq.o
 .debug_macro   0x0000000000000000       0xef ./system/irq.o
 .debug_macro   0x0000000000000000      0x1df ./system/irq.o
 .debug_macro   0x0000000000000000       0x22 ./system/irq.o
 .debug_macro   0x0000000000000000       0x99 ./system/irq.o
 .group         0x0000000000000000        0xc ./system/loader.o
 .group         0x0000000000000000        0xc ./system/loader.o
 .group         0x0000000000000000        0xc ./system/loader.o
 .group         0x0000000000000000        0xc ./system/loader.o
 .group         0x0000000000000000        0xc ./system/loader.o
 .group         0x0000000000000000        0xc ./system/loader.o
 .group         0x0000000000000000        0xc ./system/loader.o
 .group         0x0000000000000000        0xc ./system/loader.o
 .group         0x0000000000000000        0xc ./system/loader.o
 .group         0x0000000000000000        0xc ./system/loader.o
 .group         0x0000000000000000        0xc ./system/loader.o
 .group         0x0000000000000000        0xc ./system/loader.o
 .group         0x0000000000000000        0xc ./system/loader.o
 .group         0x0000000000000000        0xc ./system/loader.o
 .group         0x0000000000000000        0xc ./system/loader.o
 .group         0x0000000000000000        0xc ./system/loader.o
 .group         0x0000000000000000        0xc ./system/loader.o
 .group         0x0000000000000000        0xc ./system/loader.o
 .group         0x0000000000000000        0xc ./system/loader.o
 .group         0x0000000000000000        0xc ./system/loader.o
 .group         0x0000000000000000        0xc ./system/loader.o
 .group         0x0000000000000000        0xc ./system/loader.o
 .group         0x0000000000000000        0xc ./system/loader.o
 .group         0x0000000000000000        0xc ./system/loader.o
 .group         0x0000000000000000        0xc ./system/loader.o
 .group         0x0000000000000000        0xc ./system/loader.o
 .group         0x0000000000000000        0xc ./system/loader.o
 .group         0x0000000000000000        0xc ./system/loader.o
 .group         0x0000000000000000        0xc ./system/loader.o
 .group         0x0000000000000000        0xc ./system/loader.o
 .group         0x0000000000000000        0xc ./system/loader.o
 .group         0x0000000000000000        0xc ./system/loader.o
 .group         0x0000000000000000        0xc ./system/loader.o
 .group         0x0000000000000000        0xc ./system/loader.o
 .group         0x0000000000000000        0xc ./system/loader.o
 .text          0x0000000000000000        0x0 ./system/loader.o
 .data          0x0000000000000000        0x0 ./system/loader.o
 .bss           0x0000000000000000        0x0 ./system/loader.o
 .debug_info    0x0000000000000000      0x91d ./system/loader.o
 .debug_abbrev  0x0000000000000000      0x1a1 ./system/loader.o
 .debug_aranges
                0x0000000000000000       0x18 ./system/loader.o
 .debug_macro   0x0000000000000000      0x1d5 ./system/loader.o
 .debug_macro   0x0000000000000000      0x754 ./system/loader.o
 .debug_macro   0x0000000000000000       0x22 ./system/loader.o
 .debug_macro   0x0000000000000000       0x22 ./system/loader.o
 .debug_macro   0x0000000000000000       0x8e ./system/loader.o
 .debug_macro   0x0000000000000000       0x51 ./system/loader.o
 .debug_macro   0x0000000000000000       0xef ./system/loader.o
 .debug_macro   0x0000000000000000       0x6a ./system/loader.o
 .debug_macro   0x0000000000000000      0x1df ./system/loader.o
 .debug_macro   0x0000000000000000       0x58 ./system/loader.o
 .debug_macro   0x0000000000000000       0x19 ./system/loader.o
 .debug_macro   0x0000000000000000       0x34 ./system/loader.o
 .debug_macro   0x0000000000000000       0x34 ./system/loader.o
 .debug_macro   0x0000000000000000       0x16 ./system/loader.o
 .debug_macro   0x0000000000000000       0x97 ./system/loader.o
 .debug_macro   0x0000000000000000      0x330 ./system/loader.o
 .debug_macro   0x0000000000000000       0xfd ./system/loader.o
 .debug_macro   0x0000000000000000       0x10 ./system/loader.o
 .debug_macro   0x0000000000000000       0x58 ./system/loader.o
 .debug_macro   0x0000000000000000       0x1f ./system/loader.o
 .debug_macro   0x0000000000000000       0x43 ./system/loader.o
 .debug_macro   0x0000000000000000       0x20 ./system/loader.o
 .debug_macro   0x0000000000000000      0x18e ./system/loader.o
 .debug_macro   0x0000000000000000       0x10 ./system/loader.o
 .debug_macro   0x0000000000000000       0x1c ./system/loader.o
 .debug_macro   0x0000000000000000       0x52 ./system/loader.o
 .debug_macro   0x0000000000000000       0x40 ./system/loader.o
 .debug_macro   0x0000000000000000       0x10 ./system/loader.o
 .debug_macro   0x0000000000000000       0x40 ./system/loader.o
 .debug_macro   0x0000000000000000       0xd7 ./system/loader.o
 .debug_macro   0x0000000000000000       0x1c ./system/loader.o
 .debug_macro   0x0000000000000000       0x3d ./system/loader.o
 .debug_macro   0x0000000000000000       0x16 ./system/loader.o
 .debug_macro   0x0000000000000000      0x16f ./system/loader.o
 .debug_macro   0x0000000000000000       0x22 ./system/loader.o
 .debug_macro   0x0000000000000000       0x99 ./system/loader.o
 .debug_line    0x0000000000000000      0x30a ./system/loader.o
 .debug_str     0x0000000000000000     0x7833 ./system/loader.o
 .comment       0x0000000000000000       0x3a ./system/loader.o
 .text          0x0000000000000000        0x0 ./startup/custom_ops.o
 .data          0x0000000000000000        0x0 ./startup/custom_ops.o
 .bss           0x0000000000000000        0x0 ./startup/custom_ops.o
 .data          0x0000000000000000        0x0 ./startup/start.o
 .bss           0x0000000000000000        0x0 ./startup/start.o
 .group         0x0000000000000000        0xc ./peripherals/sources/advspi.o
 .group         0x0000000000000000        0xc ./peripherals/sources/advspi.o
 .group         0x0000000000000000        0xc ./peripherals/sources/advspi.o
 .group         0x0000000000000000        0xc ./peripherals/sources/advspi.o
 .group         0x0000000000000000        0xc ./peripherals/sources/advspi.o
 .group         0x0000000000000000        0xc ./peripherals/sources/advspi.o
 .group         0x0000000000000000        0xc ./peripherals/sources/advspi.o
 .group         0x0000000000000000        0xc ./peripherals/sources/advspi.o
 .group         0x0000000000000000        0xc ./peripherals/sources/advspi.o
 .group         0x0000000000000000        0xc ./peripherals/sources/advspi.o
 .group         0x0000000000000000        0xc ./peripherals/sources/advspi.o
 .group         0x0000000000000000        0xc ./peripherals/sources/advspi.o
 .group         0x0000000000000000        0xc ./peripherals/sources/advspi.o
 .group         0x0000000000000000        0xc ./peripherals/sources/advspi.o
 .group         0x0000000000000000        0xc ./peripherals/sources/advspi.o
 .group         0x0000000000000000        0xc ./peripherals/sources/advspi.o
 .group         0x0000000000000000        0xc ./peripherals/sources/advspi.o
 .group         0x0000000000000000        0xc ./peripherals/sources/advspi.o
 .group         0x0000000000000000        0xc ./peripherals/sources/advspi.o
 .group         0x0000000000000000        0xc ./peripherals/sources/advspi.o
 .group         0x0000000000000000        0xc ./peripherals/sources/advspi.o
 .group         0x0000000000000000        0xc ./peripherals/sources/advspi.o
 .group         0x0000000000000000        0xc ./peripherals/sources/advspi.o
 .group         0x0000000000000000        0xc ./peripherals/sources/advspi.o
 .group         0x0000000000000000        0xc ./peripherals/sources/advspi.o
 .group         0x0000000000000000        0xc ./peripherals/sources/advspi.o
 .group         0x0000000000000000        0xc ./peripherals/sources/advspi.o
 .group         0x0000000000000000        0xc ./peripherals/sources/advspi.o
 .group         0x0000000000000000        0xc ./peripherals/sources/advspi.o
 .group         0x0000000000000000        0xc ./peripherals/sources/advspi.o
 .group         0x0000000000000000        0xc ./peripherals/sources/advspi.o
 .group         0x0000000000000000        0xc ./peripherals/sources/advspi.o
 .group         0x0000000000000000        0xc ./peripherals/sources/advspi.o
 .group         0x0000000000000000        0xc ./peripherals/sources/advspi.o
 .group         0x0000000000000000        0xc ./peripherals/sources/advspi.o
 .group         0x0000000000000000        0xc ./peripherals/sources/advspi.o
 .text          0x0000000000000000        0x0 ./peripherals/sources/advspi.o
 .data          0x0000000000000000        0x0 ./peripherals/sources/advspi.o
 .bss           0x0000000000000000        0x0 ./peripherals/sources/advspi.o
 .text.SelectSpi
                0x0000000000000000        0xa ./peripherals/sources/advspi.o
 .text.SPI_reset
                0x0000000000000000       0x1a ./peripherals/sources/advspi.o
 .text.SPI_set_mode
                0x0000000000000000       0x14 ./peripherals/sources/advspi.o
 .text.SPI_set_addr_format
                0x0000000000000000       0x30 ./peripherals/sources/advspi.o
 .text.SPI_set_cmd_format
                0x0000000000000000       0x20 ./peripherals/sources/advspi.o
 .text.SPI_set_data_format
                0x0000000000000000       0x3e ./peripherals/sources/advspi.o
 .text.SPI_set_transfer_format
                0x0000000000000000       0x20 ./peripherals/sources/advspi.o
 .text.SPI_set_trans_ctrl
                0x0000000000000000       0x34 ./peripherals/sources/advspi.o
 .text.SPI_set_token
                0x0000000000000000       0x2e ./peripherals/sources/advspi.o
 .text.SPI_tx_fifo_reset
                0x0000000000000000       0x1a ./peripherals/sources/advspi.o
 .text.SPI_rx_fifo_reset
                0x0000000000000000       0x1a ./peripherals/sources/advspi.o
 .text.spi_get_fifo_depth
                0x0000000000000000       0x14 ./peripherals/sources/advspi.o
 .text.SPI_set_tx_threshold
                0x0000000000000000       0x54 ./peripherals/sources/advspi.o
 .text.SPI_set_rx_threshold
                0x0000000000000000       0x52 ./peripherals/sources/advspi.o
 .text.spi_flash_init
                0x0000000000000000       0xa8 ./peripherals/sources/advspi.o
 .text.spi_flash_read
                0x0000000000000000       0x44 ./peripherals/sources/advspi.o
 .text.change_mode_spi_flash
                0x0000000000000000       0x18 ./peripherals/sources/advspi.o
 .text.spi_flash_read_status
                0x0000000000000000       0x22 ./peripherals/sources/advspi.o
 .text.spi_flash_write_cmd
                0x0000000000000000       0x54 ./peripherals/sources/advspi.o
 .text.spi_flash_write
                0x0000000000000000       0x8a ./peripherals/sources/advspi.o
 .text.spi_flash_page_program
                0x0000000000000000       0xb2 ./peripherals/sources/advspi.o
 .text.spi_flash_sector_erase
                0x0000000000000000       0xb8 ./peripherals/sources/advspi.o
 .rodata.SPI_set_rx_threshold.str1.4
                0x0000000000000000       0x3c ./peripherals/sources/advspi.o
 .rodata.SPI_set_tx_threshold.str1.4
                0x0000000000000000       0x3c ./peripherals/sources/advspi.o
 .sdata.SPI_FLASH_Reg
                0x0000000000000000        0x4 ./peripherals/sources/advspi.o
 .debug_info    0x0000000000000000     0x1235 ./peripherals/sources/advspi.o
 .debug_abbrev  0x0000000000000000      0x3ba ./peripherals/sources/advspi.o
 .debug_loc     0x0000000000000000      0x6e2 ./peripherals/sources/advspi.o
 .debug_aranges
                0x0000000000000000       0xc8 ./peripherals/sources/advspi.o
 .debug_ranges  0x0000000000000000      0x120 ./peripherals/sources/advspi.o
 .debug_macro   0x0000000000000000      0x1e4 ./peripherals/sources/advspi.o
 .debug_macro   0x0000000000000000      0x754 ./peripherals/sources/advspi.o
 .debug_macro   0x0000000000000000       0x22 ./peripherals/sources/advspi.o
 .debug_macro   0x0000000000000000       0x22 ./peripherals/sources/advspi.o
 .debug_macro   0x0000000000000000       0x8e ./peripherals/sources/advspi.o
 .debug_macro   0x0000000000000000       0x51 ./peripherals/sources/advspi.o
 .debug_macro   0x0000000000000000       0xef ./peripherals/sources/advspi.o
 .debug_macro   0x0000000000000000       0x6a ./peripherals/sources/advspi.o
 .debug_macro   0x0000000000000000      0x1df ./peripherals/sources/advspi.o
 .debug_macro   0x0000000000000000       0x58 ./peripherals/sources/advspi.o
 .debug_macro   0x0000000000000000       0x19 ./peripherals/sources/advspi.o
 .debug_macro   0x0000000000000000       0x34 ./peripherals/sources/advspi.o
 .debug_macro   0x0000000000000000       0x34 ./peripherals/sources/advspi.o
 .debug_macro   0x0000000000000000       0x16 ./peripherals/sources/advspi.o
 .debug_macro   0x0000000000000000       0x97 ./peripherals/sources/advspi.o
 .debug_macro   0x0000000000000000      0x330 ./peripherals/sources/advspi.o
 .debug_macro   0x0000000000000000       0xfd ./peripherals/sources/advspi.o
 .debug_macro   0x0000000000000000       0x10 ./peripherals/sources/advspi.o
 .debug_macro   0x0000000000000000       0x58 ./peripherals/sources/advspi.o
 .debug_macro   0x0000000000000000       0x1f ./peripherals/sources/advspi.o
 .debug_macro   0x0000000000000000       0x43 ./peripherals/sources/advspi.o
 .debug_macro   0x0000000000000000       0x20 ./peripherals/sources/advspi.o
 .debug_macro   0x0000000000000000      0x18e ./peripherals/sources/advspi.o
 .debug_macro   0x0000000000000000       0x10 ./peripherals/sources/advspi.o
 .debug_macro   0x0000000000000000       0x1c ./peripherals/sources/advspi.o
 .debug_macro   0x0000000000000000       0x52 ./peripherals/sources/advspi.o
 .debug_macro   0x0000000000000000       0x40 ./peripherals/sources/advspi.o
 .debug_macro   0x0000000000000000       0x10 ./peripherals/sources/advspi.o
 .debug_macro   0x0000000000000000       0x40 ./peripherals/sources/advspi.o
 .debug_macro   0x0000000000000000       0xd7 ./peripherals/sources/advspi.o
 .debug_macro   0x0000000000000000       0x1c ./peripherals/sources/advspi.o
 .debug_macro   0x0000000000000000       0x3d ./peripherals/sources/advspi.o
 .debug_macro   0x0000000000000000       0x16 ./peripherals/sources/advspi.o
 .debug_macro   0x0000000000000000      0x16f ./peripherals/sources/advspi.o
 .debug_macro   0x0000000000000000       0x22 ./peripherals/sources/advspi.o
 .debug_macro   0x0000000000000000       0x99 ./peripherals/sources/advspi.o
 .debug_macro   0x0000000000000000      0x276 ./peripherals/sources/advspi.o
 .debug_line    0x0000000000000000     0x16eb ./peripherals/sources/advspi.o
 .debug_str     0x0000000000000000     0x890c ./peripherals/sources/advspi.o
 .comment       0x0000000000000000       0x3a ./peripherals/sources/advspi.o
 .debug_frame   0x0000000000000000      0x200 ./peripherals/sources/advspi.o
 .group         0x0000000000000000        0xc ./peripherals/sources/simpleuart.o
 .group         0x0000000000000000        0xc ./peripherals/sources/simpleuart.o
 .group         0x0000000000000000        0xc ./peripherals/sources/simpleuart.o
 .group         0x0000000000000000        0xc ./peripherals/sources/simpleuart.o
 .group         0x0000000000000000        0xc ./peripherals/sources/simpleuart.o
 .group         0x0000000000000000        0xc ./peripherals/sources/simpleuart.o
 .group         0x0000000000000000        0xc ./peripherals/sources/simpleuart.o
 .group         0x0000000000000000        0xc ./peripherals/sources/simpleuart.o
 .group         0x0000000000000000        0xc ./peripherals/sources/simpleuart.o
 .group         0x0000000000000000        0xc ./peripherals/sources/simpleuart.o
 .group         0x0000000000000000        0xc ./peripherals/sources/simpleuart.o
 .group         0x0000000000000000        0xc ./peripherals/sources/simpleuart.o
 .group         0x0000000000000000        0xc ./peripherals/sources/simpleuart.o
 .group         0x0000000000000000        0xc ./peripherals/sources/simpleuart.o
 .group         0x0000000000000000        0xc ./peripherals/sources/simpleuart.o
 .group         0x0000000000000000        0xc ./peripherals/sources/simpleuart.o
 .group         0x0000000000000000        0xc ./peripherals/sources/simpleuart.o
 .group         0x0000000000000000        0xc ./peripherals/sources/simpleuart.o
 .group         0x0000000000000000        0xc ./peripherals/sources/simpleuart.o
 .group         0x0000000000000000        0xc ./peripherals/sources/simpleuart.o
 .group         0x0000000000000000        0xc ./peripherals/sources/simpleuart.o
 .group         0x0000000000000000        0xc ./peripherals/sources/simpleuart.o
 .group         0x0000000000000000        0xc ./peripherals/sources/simpleuart.o
 .group         0x0000000000000000        0xc ./peripherals/sources/simpleuart.o
 .group         0x0000000000000000        0xc ./peripherals/sources/simpleuart.o
 .group         0x0000000000000000        0xc ./peripherals/sources/simpleuart.o
 .group         0x0000000000000000        0xc ./peripherals/sources/simpleuart.o
 .group         0x0000000000000000        0xc ./peripherals/sources/simpleuart.o
 .group         0x0000000000000000        0xc ./peripherals/sources/simpleuart.o
 .group         0x0000000000000000        0xc ./peripherals/sources/simpleuart.o
 .group         0x0000000000000000        0xc ./peripherals/sources/simpleuart.o
 .group         0x0000000000000000        0xc ./peripherals/sources/simpleuart.o
 .group         0x0000000000000000        0xc ./peripherals/sources/simpleuart.o
 .group         0x0000000000000000        0xc ./peripherals/sources/simpleuart.o
 .text          0x0000000000000000        0x0 ./peripherals/sources/simpleuart.o
 .data          0x0000000000000000        0x0 ./peripherals/sources/simpleuart.o
 .bss           0x0000000000000000        0x0 ./peripherals/sources/simpleuart.o
 .text.uart_init
                0x0000000000000000       0x14 ./peripherals/sources/simpleuart.o
 .text.outbyte  0x0000000000000000       0x2a ./peripherals/sources/simpleuart.o
 .text.uart_putchar
                0x0000000000000000        0x8 ./peripherals/sources/simpleuart.o
 .text.getchar_prompt
                0x0000000000000000       0x1a ./peripherals/sources/simpleuart.o
 .text.uart_getchar
                0x0000000000000000       0x1a ./peripherals/sources/simpleuart.o
 .debug_info    0x0000000000000000      0xa9c ./peripherals/sources/simpleuart.o
 .debug_abbrev  0x0000000000000000      0x286 ./peripherals/sources/simpleuart.o
 .debug_loc     0x0000000000000000       0x80 ./peripherals/sources/simpleuart.o
 .debug_aranges
                0x0000000000000000       0x40 ./peripherals/sources/simpleuart.o
 .debug_ranges  0x0000000000000000       0x30 ./peripherals/sources/simpleuart.o
 .debug_macro   0x0000000000000000      0x1d6 ./peripherals/sources/simpleuart.o
 .debug_macro   0x0000000000000000      0x754 ./peripherals/sources/simpleuart.o
 .debug_macro   0x0000000000000000       0x22 ./peripherals/sources/simpleuart.o
 .debug_macro   0x0000000000000000       0x8e ./peripherals/sources/simpleuart.o
 .debug_macro   0x0000000000000000       0x51 ./peripherals/sources/simpleuart.o
 .debug_macro   0x0000000000000000       0xef ./peripherals/sources/simpleuart.o
 .debug_macro   0x0000000000000000       0x6a ./peripherals/sources/simpleuart.o
 .debug_macro   0x0000000000000000      0x1df ./peripherals/sources/simpleuart.o
 .debug_macro   0x0000000000000000       0x58 ./peripherals/sources/simpleuart.o
 .debug_macro   0x0000000000000000       0x19 ./peripherals/sources/simpleuart.o
 .debug_macro   0x0000000000000000       0x34 ./peripherals/sources/simpleuart.o
 .debug_macro   0x0000000000000000       0x34 ./peripherals/sources/simpleuart.o
 .debug_macro   0x0000000000000000       0x16 ./peripherals/sources/simpleuart.o
 .debug_macro   0x0000000000000000       0x97 ./peripherals/sources/simpleuart.o
 .debug_macro   0x0000000000000000      0x330 ./peripherals/sources/simpleuart.o
 .debug_macro   0x0000000000000000       0xfd ./peripherals/sources/simpleuart.o
 .debug_macro   0x0000000000000000       0x10 ./peripherals/sources/simpleuart.o
 .debug_macro   0x0000000000000000       0x58 ./peripherals/sources/simpleuart.o
 .debug_macro   0x0000000000000000       0x1f ./peripherals/sources/simpleuart.o
 .debug_macro   0x0000000000000000       0x43 ./peripherals/sources/simpleuart.o
 .debug_macro   0x0000000000000000       0x20 ./peripherals/sources/simpleuart.o
 .debug_macro   0x0000000000000000      0x18e ./peripherals/sources/simpleuart.o
 .debug_macro   0x0000000000000000       0x10 ./peripherals/sources/simpleuart.o
 .debug_macro   0x0000000000000000       0x1c ./peripherals/sources/simpleuart.o
 .debug_macro   0x0000000000000000       0x52 ./peripherals/sources/simpleuart.o
 .debug_macro   0x0000000000000000       0x40 ./peripherals/sources/simpleuart.o
 .debug_macro   0x0000000000000000       0x10 ./peripherals/sources/simpleuart.o
 .debug_macro   0x0000000000000000       0x40 ./peripherals/sources/simpleuart.o
 .debug_macro   0x0000000000000000       0xd7 ./peripherals/sources/simpleuart.o
 .debug_macro   0x0000000000000000       0x1c ./peripherals/sources/simpleuart.o
 .debug_macro   0x0000000000000000       0x3d ./peripherals/sources/simpleuart.o
 .debug_macro   0x0000000000000000       0x16 ./peripherals/sources/simpleuart.o
 .debug_macro   0x0000000000000000      0x16f ./peripherals/sources/simpleuart.o
 .debug_macro   0x0000000000000000       0x22 ./peripherals/sources/simpleuart.o
 .debug_macro   0x0000000000000000       0x99 ./peripherals/sources/simpleuart.o
 .debug_line    0x0000000000000000      0x4b7 ./peripherals/sources/simpleuart.o
 .debug_str     0x0000000000000000     0x78c5 ./peripherals/sources/simpleuart.o
 .comment       0x0000000000000000       0x3a ./peripherals/sources/simpleuart.o
 .debug_frame   0x0000000000000000       0x78 ./peripherals/sources/simpleuart.o
 .group         0x0000000000000000        0xc ./peripherals/sources/wbgpio.o
 .group         0x0000000000000000        0xc ./peripherals/sources/wbgpio.o
 .group         0x0000000000000000        0xc ./peripherals/sources/wbgpio.o
 .group         0x0000000000000000        0xc ./peripherals/sources/wbgpio.o
 .group         0x0000000000000000        0xc ./peripherals/sources/wbgpio.o
 .group         0x0000000000000000        0xc ./peripherals/sources/wbgpio.o
 .group         0x0000000000000000        0xc ./peripherals/sources/wbgpio.o
 .group         0x0000000000000000        0xc ./peripherals/sources/wbgpio.o
 .group         0x0000000000000000        0xc ./peripherals/sources/wbgpio.o
 .group         0x0000000000000000        0xc ./peripherals/sources/wbgpio.o
 .group         0x0000000000000000        0xc ./peripherals/sources/wbgpio.o
 .group         0x0000000000000000        0xc ./peripherals/sources/wbgpio.o
 .group         0x0000000000000000        0xc ./peripherals/sources/wbgpio.o
 .group         0x0000000000000000        0xc ./peripherals/sources/wbgpio.o
 .group         0x0000000000000000        0xc ./peripherals/sources/wbgpio.o
 .group         0x0000000000000000        0xc ./peripherals/sources/wbgpio.o
 .group         0x0000000000000000        0xc ./peripherals/sources/wbgpio.o
 .group         0x0000000000000000        0xc ./peripherals/sources/wbgpio.o
 .group         0x0000000000000000        0xc ./peripherals/sources/wbgpio.o
 .group         0x0000000000000000        0xc ./peripherals/sources/wbgpio.o
 .group         0x0000000000000000        0xc ./peripherals/sources/wbgpio.o
 .group         0x0000000000000000        0xc ./peripherals/sources/wbgpio.o
 .group         0x0000000000000000        0xc ./peripherals/sources/wbgpio.o
 .group         0x0000000000000000        0xc ./peripherals/sources/wbgpio.o
 .group         0x0000000000000000        0xc ./peripherals/sources/wbgpio.o
 .group         0x0000000000000000        0xc ./peripherals/sources/wbgpio.o
 .group         0x0000000000000000        0xc ./peripherals/sources/wbgpio.o
 .group         0x0000000000000000        0xc ./peripherals/sources/wbgpio.o
 .group         0x0000000000000000        0xc ./peripherals/sources/wbgpio.o
 .group         0x0000000000000000        0xc ./peripherals/sources/wbgpio.o
 .group         0x0000000000000000        0xc ./peripherals/sources/wbgpio.o
 .group         0x0000000000000000        0xc ./peripherals/sources/wbgpio.o
 .group         0x0000000000000000        0xc ./peripherals/sources/wbgpio.o
 .group         0x0000000000000000        0xc ./peripherals/sources/wbgpio.o
 .group         0x0000000000000000        0xc ./peripherals/sources/wbgpio.o
 .text          0x0000000000000000        0x0 ./peripherals/sources/wbgpio.o
 .data          0x0000000000000000        0x0 ./peripherals/sources/wbgpio.o
 .bss           0x0000000000000000        0x0 ./peripherals/sources/wbgpio.o
 .text.GPIO_Init
                0x0000000000000000       0x16 ./peripherals/sources/wbgpio.o
 .text.GPIO_GetDir
                0x0000000000000000        0x4 ./peripherals/sources/wbgpio.o
 .text.GPIO_SetDir
                0x0000000000000000        0x4 ./peripherals/sources/wbgpio.o
 .text.GPIO_EnableWriteBit
                0x0000000000000000        0xe ./peripherals/sources/wbgpio.o
 .text.GPIO_EnableReadBit
                0x0000000000000000       0x12 ./peripherals/sources/wbgpio.o
 .text.GPIO_WriteData
                0x0000000000000000        0x4 ./peripherals/sources/wbgpio.o
 .text.GPIO_ReadData
                0x0000000000000000        0x4 ./peripherals/sources/wbgpio.o
 .debug_info    0x0000000000000000      0xb26 ./peripherals/sources/wbgpio.o
 .debug_abbrev  0x0000000000000000      0x255 ./peripherals/sources/wbgpio.o
 .debug_loc     0x0000000000000000       0xc0 ./peripherals/sources/wbgpio.o
 .debug_aranges
                0x0000000000000000       0x50 ./peripherals/sources/wbgpio.o
 .debug_ranges  0x0000000000000000       0x40 ./peripherals/sources/wbgpio.o
 .debug_macro   0x0000000000000000      0x1db ./peripherals/sources/wbgpio.o
 .debug_macro   0x0000000000000000      0x754 ./peripherals/sources/wbgpio.o
 .debug_macro   0x0000000000000000       0x22 ./peripherals/sources/wbgpio.o
 .debug_macro   0x0000000000000000       0x8e ./peripherals/sources/wbgpio.o
 .debug_macro   0x0000000000000000       0x51 ./peripherals/sources/wbgpio.o
 .debug_macro   0x0000000000000000       0xef ./peripherals/sources/wbgpio.o
 .debug_macro   0x0000000000000000       0x6a ./peripherals/sources/wbgpio.o
 .debug_macro   0x0000000000000000      0x1df ./peripherals/sources/wbgpio.o
 .debug_macro   0x0000000000000000       0x58 ./peripherals/sources/wbgpio.o
 .debug_macro   0x0000000000000000       0x19 ./peripherals/sources/wbgpio.o
 .debug_macro   0x0000000000000000       0x34 ./peripherals/sources/wbgpio.o
 .debug_macro   0x0000000000000000       0x34 ./peripherals/sources/wbgpio.o
 .debug_macro   0x0000000000000000       0x16 ./peripherals/sources/wbgpio.o
 .debug_macro   0x0000000000000000       0x97 ./peripherals/sources/wbgpio.o
 .debug_macro   0x0000000000000000      0x330 ./peripherals/sources/wbgpio.o
 .debug_macro   0x0000000000000000       0xfd ./peripherals/sources/wbgpio.o
 .debug_macro   0x0000000000000000       0x10 ./peripherals/sources/wbgpio.o
 .debug_macro   0x0000000000000000       0x58 ./peripherals/sources/wbgpio.o
 .debug_macro   0x0000000000000000       0x1f ./peripherals/sources/wbgpio.o
 .debug_macro   0x0000000000000000       0x43 ./peripherals/sources/wbgpio.o
 .debug_macro   0x0000000000000000       0x20 ./peripherals/sources/wbgpio.o
 .debug_macro   0x0000000000000000      0x18e ./peripherals/sources/wbgpio.o
 .debug_macro   0x0000000000000000       0x10 ./peripherals/sources/wbgpio.o
 .debug_macro   0x0000000000000000       0x1c ./peripherals/sources/wbgpio.o
 .debug_macro   0x0000000000000000       0x52 ./peripherals/sources/wbgpio.o
 .debug_macro   0x0000000000000000       0x40 ./peripherals/sources/wbgpio.o
 .debug_macro   0x0000000000000000       0x10 ./peripherals/sources/wbgpio.o
 .debug_macro   0x0000000000000000       0x40 ./peripherals/sources/wbgpio.o
 .debug_macro   0x0000000000000000       0xd7 ./peripherals/sources/wbgpio.o
 .debug_macro   0x0000000000000000       0x1c ./peripherals/sources/wbgpio.o
 .debug_macro   0x0000000000000000       0x3d ./peripherals/sources/wbgpio.o
 .debug_macro   0x0000000000000000       0x16 ./peripherals/sources/wbgpio.o
 .debug_macro   0x0000000000000000      0x16f ./peripherals/sources/wbgpio.o
 .debug_macro   0x0000000000000000       0x22 ./peripherals/sources/wbgpio.o
 .debug_macro   0x0000000000000000       0x99 ./peripherals/sources/wbgpio.o
 .debug_macro   0x0000000000000000       0x10 ./peripherals/sources/wbgpio.o
 .debug_line    0x0000000000000000      0x521 ./peripherals/sources/wbgpio.o
 .debug_str     0x0000000000000000     0x78c6 ./peripherals/sources/wbgpio.o
 .comment       0x0000000000000000       0x3a ./peripherals/sources/wbgpio.o
 .debug_frame   0x0000000000000000       0x80 ./peripherals/sources/wbgpio.o
 .group         0x0000000000000000        0xc ./peripherals/sources/wbi2c.o
 .group         0x0000000000000000        0xc ./peripherals/sources/wbi2c.o
 .group         0x0000000000000000        0xc ./peripherals/sources/wbi2c.o
 .group         0x0000000000000000        0xc ./peripherals/sources/wbi2c.o
 .group         0x0000000000000000        0xc ./peripherals/sources/wbi2c.o
 .group         0x0000000000000000        0xc ./peripherals/sources/wbi2c.o
 .group         0x0000000000000000        0xc ./peripherals/sources/wbi2c.o
 .group         0x0000000000000000        0xc ./peripherals/sources/wbi2c.o
 .group         0x0000000000000000        0xc ./peripherals/sources/wbi2c.o
 .group         0x0000000000000000        0xc ./peripherals/sources/wbi2c.o
 .group         0x0000000000000000        0xc ./peripherals/sources/wbi2c.o
 .group         0x0000000000000000        0xc ./peripherals/sources/wbi2c.o
 .group         0x0000000000000000        0xc ./peripherals/sources/wbi2c.o
 .group         0x0000000000000000        0xc ./peripherals/sources/wbi2c.o
 .group         0x0000000000000000        0xc ./peripherals/sources/wbi2c.o
 .group         0x0000000000000000        0xc ./peripherals/sources/wbi2c.o
 .group         0x0000000000000000        0xc ./peripherals/sources/wbi2c.o
 .group         0x0000000000000000        0xc ./peripherals/sources/wbi2c.o
 .group         0x0000000000000000        0xc ./peripherals/sources/wbi2c.o
 .group         0x0000000000000000        0xc ./peripherals/sources/wbi2c.o
 .group         0x0000000000000000        0xc ./peripherals/sources/wbi2c.o
 .group         0x0000000000000000        0xc ./peripherals/sources/wbi2c.o
 .group         0x0000000000000000        0xc ./peripherals/sources/wbi2c.o
 .group         0x0000000000000000        0xc ./peripherals/sources/wbi2c.o
 .group         0x0000000000000000        0xc ./peripherals/sources/wbi2c.o
 .group         0x0000000000000000        0xc ./peripherals/sources/wbi2c.o
 .group         0x0000000000000000        0xc ./peripherals/sources/wbi2c.o
 .group         0x0000000000000000        0xc ./peripherals/sources/wbi2c.o
 .group         0x0000000000000000        0xc ./peripherals/sources/wbi2c.o
 .group         0x0000000000000000        0xc ./peripherals/sources/wbi2c.o
 .group         0x0000000000000000        0xc ./peripherals/sources/wbi2c.o
 .group         0x0000000000000000        0xc ./peripherals/sources/wbi2c.o
 .group         0x0000000000000000        0xc ./peripherals/sources/wbi2c.o
 .group         0x0000000000000000        0xc ./peripherals/sources/wbi2c.o
 .group         0x0000000000000000        0xc ./peripherals/sources/wbi2c.o
 .text          0x0000000000000000        0x0 ./peripherals/sources/wbi2c.o
 .data          0x0000000000000000        0x0 ./peripherals/sources/wbi2c.o
 .bss           0x0000000000000000        0x0 ./peripherals/sources/wbi2c.o
 .text.Delay_ms_i2c
                0x0000000000000000       0x20 ./peripherals/sources/wbi2c.o
 .text.I2C_Disable
                0x0000000000000000        0x8 ./peripherals/sources/wbi2c.o
 .text.I2C_Enable
                0x0000000000000000        0xa ./peripherals/sources/wbi2c.o
 .text.I2C_Rate_Set
                0x0000000000000000       0x22 ./peripherals/sources/wbi2c.o
 .text.I2C_Init
                0x0000000000000000       0x3c ./peripherals/sources/wbi2c.o
 .text.I2C_SendByte
                0x0000000000000000       0x66 ./peripherals/sources/wbi2c.o
 .text.I2C_ReceiveByte
                0x0000000000000000       0x72 ./peripherals/sources/wbi2c.o
 .text.I2C_SendWord
                0x0000000000000000       0x96 ./peripherals/sources/wbi2c.o
 .text.I2C_ReceiveWord
                0x0000000000000000       0xa8 ./peripherals/sources/wbi2c.o
 .text.I2C_SendArray
                0x0000000000000000       0xa4 ./peripherals/sources/wbi2c.o
 .text.I2C_ReceiveArray
                0x0000000000000000       0xae ./peripherals/sources/wbi2c.o
 .text.I2C_SendBytes
                0x0000000000000000       0x46 ./peripherals/sources/wbi2c.o
 .text.I2C_ReadBytes
                0x0000000000000000       0x48 ./peripherals/sources/wbi2c.o
 .text.I2C_InterruptOpen
                0x0000000000000000        0x8 ./peripherals/sources/wbi2c.o
 .text.I2C_InterruptClose
                0x0000000000000000        0xa ./peripherals/sources/wbi2c.o
 .debug_info    0x0000000000000000     0x1157 ./peripherals/sources/wbi2c.o
 .debug_abbrev  0x0000000000000000      0x3af ./peripherals/sources/wbi2c.o
 .debug_loc     0x0000000000000000      0x87a ./peripherals/sources/wbi2c.o
 .debug_aranges
                0x0000000000000000       0x90 ./peripherals/sources/wbi2c.o
 .debug_ranges  0x0000000000000000       0xb0 ./peripherals/sources/wbi2c.o
 .debug_macro   0x0000000000000000      0x1db ./peripherals/sources/wbi2c.o
 .debug_macro   0x0000000000000000      0x754 ./peripherals/sources/wbi2c.o
 .debug_macro   0x0000000000000000       0x22 ./peripherals/sources/wbi2c.o
 .debug_macro   0x0000000000000000       0x8e ./peripherals/sources/wbi2c.o
 .debug_macro   0x0000000000000000       0x51 ./peripherals/sources/wbi2c.o
 .debug_macro   0x0000000000000000       0xef ./peripherals/sources/wbi2c.o
 .debug_macro   0x0000000000000000       0x6a ./peripherals/sources/wbi2c.o
 .debug_macro   0x0000000000000000      0x1df ./peripherals/sources/wbi2c.o
 .debug_macro   0x0000000000000000       0x58 ./peripherals/sources/wbi2c.o
 .debug_macro   0x0000000000000000       0x19 ./peripherals/sources/wbi2c.o
 .debug_macro   0x0000000000000000       0x34 ./peripherals/sources/wbi2c.o
 .debug_macro   0x0000000000000000       0x34 ./peripherals/sources/wbi2c.o
 .debug_macro   0x0000000000000000       0x16 ./peripherals/sources/wbi2c.o
 .debug_macro   0x0000000000000000       0x97 ./peripherals/sources/wbi2c.o
 .debug_macro   0x0000000000000000      0x330 ./peripherals/sources/wbi2c.o
 .debug_macro   0x0000000000000000       0xfd ./peripherals/sources/wbi2c.o
 .debug_macro   0x0000000000000000       0x10 ./peripherals/sources/wbi2c.o
 .debug_macro   0x0000000000000000       0x58 ./peripherals/sources/wbi2c.o
 .debug_macro   0x0000000000000000       0x1f ./peripherals/sources/wbi2c.o
 .debug_macro   0x0000000000000000       0x43 ./peripherals/sources/wbi2c.o
 .debug_macro   0x0000000000000000       0x20 ./peripherals/sources/wbi2c.o
 .debug_macro   0x0000000000000000      0x18e ./peripherals/sources/wbi2c.o
 .debug_macro   0x0000000000000000       0x10 ./peripherals/sources/wbi2c.o
 .debug_macro   0x0000000000000000       0x1c ./peripherals/sources/wbi2c.o
 .debug_macro   0x0000000000000000       0x52 ./peripherals/sources/wbi2c.o
 .debug_macro   0x0000000000000000       0x40 ./peripherals/sources/wbi2c.o
 .debug_macro   0x0000000000000000       0x10 ./peripherals/sources/wbi2c.o
 .debug_macro   0x0000000000000000       0x40 ./peripherals/sources/wbi2c.o
 .debug_macro   0x0000000000000000       0xd7 ./peripherals/sources/wbi2c.o
 .debug_macro   0x0000000000000000       0x1c ./peripherals/sources/wbi2c.o
 .debug_macro   0x0000000000000000       0x3d ./peripherals/sources/wbi2c.o
 .debug_macro   0x0000000000000000       0x16 ./peripherals/sources/wbi2c.o
 .debug_macro   0x0000000000000000      0x16f ./peripherals/sources/wbi2c.o
 .debug_macro   0x0000000000000000       0x22 ./peripherals/sources/wbi2c.o
 .debug_macro   0x0000000000000000       0x99 ./peripherals/sources/wbi2c.o
 .debug_macro   0x0000000000000000       0x52 ./peripherals/sources/wbi2c.o
 .debug_line    0x0000000000000000     0x16f8 ./peripherals/sources/wbi2c.o
 .debug_str     0x0000000000000000     0x7bda ./peripherals/sources/wbi2c.o
 .comment       0x0000000000000000       0x3a ./peripherals/sources/wbi2c.o
 .debug_frame   0x0000000000000000      0x1d0 ./peripherals/sources/wbi2c.o
 .group         0x0000000000000000        0xc ./peripherals/sources/wbspi.o
 .group         0x0000000000000000        0xc ./peripherals/sources/wbspi.o
 .group         0x0000000000000000        0xc ./peripherals/sources/wbspi.o
 .group         0x0000000000000000        0xc ./peripherals/sources/wbspi.o
 .group         0x0000000000000000        0xc ./peripherals/sources/wbspi.o
 .group         0x0000000000000000        0xc ./peripherals/sources/wbspi.o
 .group         0x0000000000000000        0xc ./peripherals/sources/wbspi.o
 .group         0x0000000000000000        0xc ./peripherals/sources/wbspi.o
 .group         0x0000000000000000        0xc ./peripherals/sources/wbspi.o
 .group         0x0000000000000000        0xc ./peripherals/sources/wbspi.o
 .group         0x0000000000000000        0xc ./peripherals/sources/wbspi.o
 .group         0x0000000000000000        0xc ./peripherals/sources/wbspi.o
 .group         0x0000000000000000        0xc ./peripherals/sources/wbspi.o
 .group         0x0000000000000000        0xc ./peripherals/sources/wbspi.o
 .group         0x0000000000000000        0xc ./peripherals/sources/wbspi.o
 .group         0x0000000000000000        0xc ./peripherals/sources/wbspi.o
 .group         0x0000000000000000        0xc ./peripherals/sources/wbspi.o
 .group         0x0000000000000000        0xc ./peripherals/sources/wbspi.o
 .group         0x0000000000000000        0xc ./peripherals/sources/wbspi.o
 .group         0x0000000000000000        0xc ./peripherals/sources/wbspi.o
 .group         0x0000000000000000        0xc ./peripherals/sources/wbspi.o
 .group         0x0000000000000000        0xc ./peripherals/sources/wbspi.o
 .group         0x0000000000000000        0xc ./peripherals/sources/wbspi.o
 .group         0x0000000000000000        0xc ./peripherals/sources/wbspi.o
 .group         0x0000000000000000        0xc ./peripherals/sources/wbspi.o
 .group         0x0000000000000000        0xc ./peripherals/sources/wbspi.o
 .group         0x0000000000000000        0xc ./peripherals/sources/wbspi.o
 .group         0x0000000000000000        0xc ./peripherals/sources/wbspi.o
 .group         0x0000000000000000        0xc ./peripherals/sources/wbspi.o
 .group         0x0000000000000000        0xc ./peripherals/sources/wbspi.o
 .group         0x0000000000000000        0xc ./peripherals/sources/wbspi.o
 .group         0x0000000000000000        0xc ./peripherals/sources/wbspi.o
 .group         0x0000000000000000        0xc ./peripherals/sources/wbspi.o
 .group         0x0000000000000000        0xc ./peripherals/sources/wbspi.o
 .group         0x0000000000000000        0xc ./peripherals/sources/wbspi.o
 .text          0x0000000000000000        0x0 ./peripherals/sources/wbspi.o
 .data          0x0000000000000000        0x0 ./peripherals/sources/wbspi.o
 .bss           0x0000000000000000        0x0 ./peripherals/sources/wbspi.o
 .text.wbspi_master_select_slave
                0x0000000000000000       0x16 ./peripherals/sources/wbspi.o
 .text.wbspi_enable_interrupt
                0x0000000000000000        0xa ./peripherals/sources/wbspi.o
 .text.wbspi_disable_interrupt
                0x0000000000000000        0xe ./peripherals/sources/wbspi.o
 .text.wbspi_master_txdata
                0x0000000000000000       0x16 ./peripherals/sources/wbspi.o
 .text.wbspi_master_rxdata
                0x0000000000000000       0x18 ./peripherals/sources/wbspi.o
 .text.wbspi_slave_prepare_txdata
                0x0000000000000000        0xc ./peripherals/sources/wbspi.o
 .text.wbspi_slave_read_data
                0x0000000000000000        0xc ./peripherals/sources/wbspi.o
 .debug_info    0x0000000000000000      0xb3b ./peripherals/sources/wbspi.o
 .debug_abbrev  0x0000000000000000      0x235 ./peripherals/sources/wbspi.o
 .debug_loc     0x0000000000000000      0x12f ./peripherals/sources/wbspi.o
 .debug_aranges
                0x0000000000000000       0x50 ./peripherals/sources/wbspi.o
 .debug_ranges  0x0000000000000000       0x40 ./peripherals/sources/wbspi.o
 .debug_macro   0x0000000000000000      0x1db ./peripherals/sources/wbspi.o
 .debug_macro   0x0000000000000000      0x754 ./peripherals/sources/wbspi.o
 .debug_macro   0x0000000000000000       0x22 ./peripherals/sources/wbspi.o
 .debug_macro   0x0000000000000000       0x8e ./peripherals/sources/wbspi.o
 .debug_macro   0x0000000000000000       0x51 ./peripherals/sources/wbspi.o
 .debug_macro   0x0000000000000000       0xef ./peripherals/sources/wbspi.o
 .debug_macro   0x0000000000000000       0x6a ./peripherals/sources/wbspi.o
 .debug_macro   0x0000000000000000      0x1df ./peripherals/sources/wbspi.o
 .debug_macro   0x0000000000000000       0x58 ./peripherals/sources/wbspi.o
 .debug_macro   0x0000000000000000       0x19 ./peripherals/sources/wbspi.o
 .debug_macro   0x0000000000000000       0x34 ./peripherals/sources/wbspi.o
 .debug_macro   0x0000000000000000       0x34 ./peripherals/sources/wbspi.o
 .debug_macro   0x0000000000000000       0x16 ./peripherals/sources/wbspi.o
 .debug_macro   0x0000000000000000       0x97 ./peripherals/sources/wbspi.o
 .debug_macro   0x0000000000000000      0x330 ./peripherals/sources/wbspi.o
 .debug_macro   0x0000000000000000       0xfd ./peripherals/sources/wbspi.o
 .debug_macro   0x0000000000000000       0x10 ./peripherals/sources/wbspi.o
 .debug_macro   0x0000000000000000       0x58 ./peripherals/sources/wbspi.o
 .debug_macro   0x0000000000000000       0x1f ./peripherals/sources/wbspi.o
 .debug_macro   0x0000000000000000       0x43 ./peripherals/sources/wbspi.o
 .debug_macro   0x0000000000000000       0x20 ./peripherals/sources/wbspi.o
 .debug_macro   0x0000000000000000      0x18e ./peripherals/sources/wbspi.o
 .debug_macro   0x0000000000000000       0x10 ./peripherals/sources/wbspi.o
 .debug_macro   0x0000000000000000       0x1c ./peripherals/sources/wbspi.o
 .debug_macro   0x0000000000000000       0x52 ./peripherals/sources/wbspi.o
 .debug_macro   0x0000000000000000       0x40 ./peripherals/sources/wbspi.o
 .debug_macro   0x0000000000000000       0x10 ./peripherals/sources/wbspi.o
 .debug_macro   0x0000000000000000       0x40 ./peripherals/sources/wbspi.o
 .debug_macro   0x0000000000000000       0xd7 ./peripherals/sources/wbspi.o
 .debug_macro   0x0000000000000000       0x1c ./peripherals/sources/wbspi.o
 .debug_macro   0x0000000000000000       0x3d ./peripherals/sources/wbspi.o
 .debug_macro   0x0000000000000000       0x16 ./peripherals/sources/wbspi.o
 .debug_macro   0x0000000000000000      0x16f ./peripherals/sources/wbspi.o
 .debug_macro   0x0000000000000000       0x22 ./peripherals/sources/wbspi.o
 .debug_macro   0x0000000000000000       0x99 ./peripherals/sources/wbspi.o
 .debug_macro   0x0000000000000000       0x52 ./peripherals/sources/wbspi.o
 .debug_line    0x0000000000000000      0x65d ./peripherals/sources/wbspi.o
 .debug_str     0x0000000000000000     0x79f9 ./peripherals/sources/wbspi.o
 .comment       0x0000000000000000       0x3a ./peripherals/sources/wbspi.o
 .debug_frame   0x0000000000000000       0x80 ./peripherals/sources/wbspi.o
 .group         0x0000000000000000        0xc ./peripherals/sources/wbuart.o
 .group         0x0000000000000000        0xc ./peripherals/sources/wbuart.o
 .group         0x0000000000000000        0xc ./peripherals/sources/wbuart.o
 .group         0x0000000000000000        0xc ./peripherals/sources/wbuart.o
 .group         0x0000000000000000        0xc ./peripherals/sources/wbuart.o
 .group         0x0000000000000000        0xc ./peripherals/sources/wbuart.o
 .group         0x0000000000000000        0xc ./peripherals/sources/wbuart.o
 .group         0x0000000000000000        0xc ./peripherals/sources/wbuart.o
 .group         0x0000000000000000        0xc ./peripherals/sources/wbuart.o
 .group         0x0000000000000000        0xc ./peripherals/sources/wbuart.o
 .group         0x0000000000000000        0xc ./peripherals/sources/wbuart.o
 .group         0x0000000000000000        0xc ./peripherals/sources/wbuart.o
 .group         0x0000000000000000        0xc ./peripherals/sources/wbuart.o
 .group         0x0000000000000000        0xc ./peripherals/sources/wbuart.o
 .group         0x0000000000000000        0xc ./peripherals/sources/wbuart.o
 .group         0x0000000000000000        0xc ./peripherals/sources/wbuart.o
 .group         0x0000000000000000        0xc ./peripherals/sources/wbuart.o
 .group         0x0000000000000000        0xc ./peripherals/sources/wbuart.o
 .group         0x0000000000000000        0xc ./peripherals/sources/wbuart.o
 .group         0x0000000000000000        0xc ./peripherals/sources/wbuart.o
 .group         0x0000000000000000        0xc ./peripherals/sources/wbuart.o
 .group         0x0000000000000000        0xc ./peripherals/sources/wbuart.o
 .group         0x0000000000000000        0xc ./peripherals/sources/wbuart.o
 .group         0x0000000000000000        0xc ./peripherals/sources/wbuart.o
 .group         0x0000000000000000        0xc ./peripherals/sources/wbuart.o
 .group         0x0000000000000000        0xc ./peripherals/sources/wbuart.o
 .group         0x0000000000000000        0xc ./peripherals/sources/wbuart.o
 .group         0x0000000000000000        0xc ./peripherals/sources/wbuart.o
 .group         0x0000000000000000        0xc ./peripherals/sources/wbuart.o
 .group         0x0000000000000000        0xc ./peripherals/sources/wbuart.o
 .group         0x0000000000000000        0xc ./peripherals/sources/wbuart.o
 .group         0x0000000000000000        0xc ./peripherals/sources/wbuart.o
 .group         0x0000000000000000        0xc ./peripherals/sources/wbuart.o
 .group         0x0000000000000000        0xc ./peripherals/sources/wbuart.o
 .text          0x0000000000000000        0x0 ./peripherals/sources/wbuart.o
 .data          0x0000000000000000        0x0 ./peripherals/sources/wbuart.o
 .bss           0x0000000000000000        0x0 ./peripherals/sources/wbuart.o
 .text.wbuart_getc
                0x0000000000000000       0x14 ./peripherals/sources/wbuart.o
 .debug_macro   0x0000000000000000      0x754 ./peripherals/sources/wbuart.o
 .debug_macro   0x0000000000000000       0x22 ./peripherals/sources/wbuart.o
 .debug_macro   0x0000000000000000       0x8e ./peripherals/sources/wbuart.o
 .debug_macro   0x0000000000000000       0x51 ./peripherals/sources/wbuart.o
 .debug_macro   0x0000000000000000       0xef ./peripherals/sources/wbuart.o
 .debug_macro   0x0000000000000000       0x6a ./peripherals/sources/wbuart.o
 .debug_macro   0x0000000000000000      0x1df ./peripherals/sources/wbuart.o
 .debug_macro   0x0000000000000000       0x58 ./peripherals/sources/wbuart.o
 .debug_macro   0x0000000000000000       0x19 ./peripherals/sources/wbuart.o
 .debug_macro   0x0000000000000000       0x34 ./peripherals/sources/wbuart.o
 .debug_macro   0x0000000000000000       0x34 ./peripherals/sources/wbuart.o
 .debug_macro   0x0000000000000000       0x16 ./peripherals/sources/wbuart.o
 .debug_macro   0x0000000000000000       0x97 ./peripherals/sources/wbuart.o
 .debug_macro   0x0000000000000000      0x330 ./peripherals/sources/wbuart.o
 .debug_macro   0x0000000000000000       0xfd ./peripherals/sources/wbuart.o
 .debug_macro   0x0000000000000000       0x10 ./peripherals/sources/wbuart.o
 .debug_macro   0x0000000000000000       0x58 ./peripherals/sources/wbuart.o
 .debug_macro   0x0000000000000000       0x1f ./peripherals/sources/wbuart.o
 .debug_macro   0x0000000000000000       0x43 ./peripherals/sources/wbuart.o
 .debug_macro   0x0000000000000000       0x20 ./peripherals/sources/wbuart.o
 .debug_macro   0x0000000000000000      0x18e ./peripherals/sources/wbuart.o
 .debug_macro   0x0000000000000000       0x10 ./peripherals/sources/wbuart.o
 .debug_macro   0x0000000000000000       0x1c ./peripherals/sources/wbuart.o
 .debug_macro   0x0000000000000000       0x52 ./peripherals/sources/wbuart.o
 .debug_macro   0x0000000000000000       0x40 ./peripherals/sources/wbuart.o
 .debug_macro   0x0000000000000000       0x10 ./peripherals/sources/wbuart.o
 .debug_macro   0x0000000000000000       0x40 ./peripherals/sources/wbuart.o
 .debug_macro   0x0000000000000000       0xd7 ./peripherals/sources/wbuart.o
 .debug_macro   0x0000000000000000       0x1c ./peripherals/sources/wbuart.o
 .debug_macro   0x0000000000000000       0x3d ./peripherals/sources/wbuart.o
 .debug_macro   0x0000000000000000       0x16 ./peripherals/sources/wbuart.o
 .debug_macro   0x0000000000000000      0x16f ./peripherals/sources/wbuart.o
 .debug_macro   0x0000000000000000       0x22 ./peripherals/sources/wbuart.o
 .debug_macro   0x0000000000000000       0x99 ./peripherals/sources/wbuart.o
 .data          0x0000000000000000        0x0 c:/gmd/toolchain/risc-v_toolchain/bin/../lib/gcc/riscv-none-embed/8.2.0/rv32im/ilp32\libgcc.a(save-restore.o)
 .bss           0x0000000000000000        0x0 c:/gmd/toolchain/risc-v_toolchain/bin/../lib/gcc/riscv-none-embed/8.2.0/rv32im/ilp32\libgcc.a(save-restore.o)
 .eh_frame      0x0000000000000000       0xf8 c:/gmd/toolchain/risc-v_toolchain/bin/../lib/gcc/riscv-none-embed/8.2.0/rv32im/ilp32\libgcc.a(save-restore.o)

Memory Configuration

Name             Origin             Length             Attributes
RAM              0x0000000001000000 0x0000000000008000 axw !rl
SMEM             0x0000000002000000 0x0000000000008000 axrl !w
FLASH            0x0000000010400000 0x0000000000100000 xrw
*default*        0x0000000000000000 0xffffffffffffffff

Linker script and memory map

LOAD ./user/main.o
LOAD ./user/oled_i2c.o
LOAD ./user/printf.o
LOAD ./system/firmware.o
LOAD ./system/irq.o
LOAD ./system/loader.o
LOAD ./startup/custom_ops.o
LOAD ./startup/start.o
LOAD ./peripherals/sources/advspi.o
LOAD ./peripherals/sources/simpleuart.o
LOAD ./peripherals/sources/wbgpio.o
LOAD ./peripherals/sources/wbi2c.o
LOAD ./peripherals/sources/wbspi.o
LOAD ./peripherals/sources/wbuart.o
LOAD c:/gmd/toolchain/risc-v_toolchain/bin/../lib/gcc/riscv-none-embed/8.2.0/rv32im/ilp32\libgcc.a
START GROUP
LOAD c:/gmd/toolchain/risc-v_toolchain/bin/../lib/gcc/riscv-none-embed/8.2.0/rv32im/ilp32\libgcc.a
LOAD c:/gmd/toolchain/risc-v_toolchain/bin/../lib/gcc/riscv-none-embed/8.2.0/../../../../riscv-none-embed/lib/rv32im/ilp32\libg.a
LOAD c:/gmd/toolchain/risc-v_toolchain/bin/../lib/gcc/riscv-none-embed/8.2.0/../../../../riscv-none-embed/lib/rv32im/ilp32\libc.a
END GROUP
LOAD c:/gmd/toolchain/risc-v_toolchain/bin/../lib/gcc/riscv-none-embed/8.2.0/rv32im/ilp32\libgcc.a
                0x0000000000000000                _lma_btsec_start = 0x0

.btsec          0x0000000010400000        0x0 load address 0x0000000000000000
                0x0000000010400000                _vsbtsec = .
 *.o(.btsec)
                0x0000000010400000                . = ALIGN (0x4)
                0x0000000000000000                _lma_btsec_end = (_lma_btsec_start + SIZEOF (.btsec))
                0x0000000000000000                _lma_text_start = _lma_btsec_end
                0x0000000010400000                _cp_text_start = (_vsbtsec + _lma_text_start)

.text           0x0000000002000000      0xafc load address 0x0000000000000000
                0x0000000002000000                _vstext = .
                0x0000000002000000                . = ALIGN (0x4)
 *(.text)
 .text          0x0000000002000000      0x230 ./startup/start.o
                0x0000000002000150                start
 .text          0x0000000002000230       0xbc c:/gmd/toolchain/risc-v_toolchain/bin/../lib/gcc/riscv-none-embed/8.2.0/rv32im/ilp32\libgcc.a(save-restore.o)
                0x0000000002000230                __riscv_save_12
                0x0000000002000240                __riscv_save_9
                0x0000000002000240                __riscv_save_11
                0x0000000002000240                __riscv_save_10
                0x0000000002000240                __riscv_save_8
                0x000000000200025c                __riscv_save_4
                0x000000000200025c                __riscv_save_6
                0x000000000200025c                __riscv_save_5
                0x000000000200025c                __riscv_save_7
                0x000000000200028c                __riscv_save_3
                0x000000000200028c                __riscv_save_2
                0x000000000200028c                __riscv_save_1
                0x000000000200028c                __riscv_save_0
                0x00000000020002a4                __riscv_restore_12
                0x00000000020002ac                __riscv_restore_11
                0x00000000020002ac                __riscv_restore_9
                0x00000000020002ac                __riscv_restore_10
                0x00000000020002ac                __riscv_restore_8
                0x00000000020002c0                __riscv_restore_5
                0x00000000020002c0                __riscv_restore_7
                0x00000000020002c0                __riscv_restore_6
                0x00000000020002c0                __riscv_restore_4
                0x00000000020002d4                __riscv_restore_3
                0x00000000020002d4                __riscv_restore_0
                0x00000000020002d4                __riscv_restore_2
                0x00000000020002d4                __riscv_restore_1
 *(.text*)
 .text.startup.main
                0x00000000020002ec      0x118 ./user/main.o
                0x00000000020002ec                main
 .text.printchar
                0x0000000002000404       0x1a ./user/printf.o
 .text.prints   0x000000000200041e       0x8c ./user/printf.o
 .text.printi   0x00000000020004aa       0x9e ./user/printf.o
 .text.print    0x0000000002000548      0x13a ./user/printf.o
 .text.printf   0x0000000002000682       0x22 ./user/printf.o
                0x0000000002000682                printf
 .text.default_irq_handler
                0x00000000020006a4       0x10 ./system/irq.o
                0x00000000020006a4                irq_21_handler
                0x00000000020006a4                irq_20_handler
                0x00000000020006a4                default_irq_handler
                0x00000000020006a4                timer_handler
 .text.mask_irq
                0x00000000020006b4       0x18 ./system/irq.o
                0x00000000020006b4                mask_irq
 .text.irq      0x00000000020006cc      0x1a0 ./system/irq.o
                0x00000000020006cc                irq
 .text.wbuart_init
                0x000000000200086c       0x14 ./peripherals/sources/wbuart.o
                0x000000000200086c                wbuart_init
 .text.wbuart_putc
                0x0000000002000880       0x1c ./peripherals/sources/wbuart.o
                0x0000000002000880                wbuart_putc
 .text.wbuart_outbyte
                0x000000000200089c       0x16 ./peripherals/sources/wbuart.o
                0x000000000200089c                wbuart_outbyte
 *(.rodata)
 *fill*         0x00000000020008b2        0x2 
 .rodata        0x00000000020008b4      0x1c0 ./user/main.o
 .rodata        0x0000000002000a74       0x7e ./system/irq.o
 *(.rodata*)
 *fill*         0x0000000002000af2        0x2 
 .rodata.print.str1.4
                0x0000000002000af4        0x8 ./user/printf.o
                                          0x7 (size before relaxing)
 *(.srodata)
 *(.srodata*)
                0x0000000002000afc                . = ALIGN (0x4)
                0x0000000002000afc                _etext = .
                0x0000000000000afc                _lma_text_end = (_lma_text_start + SIZEOF (.text))
                0x0000000010400afc                _cp_text_end = (_vsbtsec + _lma_text_end)
                0x0000000000000afc                _lma_ldsec_start = _lma_text_end
                0x0000000010400afc                _cp_ldsec_start = (_vsbtsec + _lma_ldsec_start)

.rela.dyn       0x0000000002000afc        0x0 load address 0x0000000000000afc
 .rela.text.startup.main
                0x0000000002000afc        0x0 ./user/main.o
 .rela.text.irq
                0x0000000002000afc        0x0 ./user/main.o
 .rela.text     0x0000000002000afc        0x0 ./user/main.o

.ldsec          0x0000000002000afc        0x0 load address 0x0000000000000afc
                0x0000000002000afc                _vsloader = .
 *.o(.ldsec)
                0x0000000002000afc                . = ALIGN (0x4)
                0x0000000002000afc                _eldsec = .
                0x0000000002000afc                _sidata = _eldsec
                0x0000000000000afc                _lma_ldsec_end = (_lma_ldsec_start + SIZEOF (.ldsec))
                0x0000000010400afc                _cp_ldsec_end = (_vsbtsec + _lma_ldsec_end)
                0x0000000000000afc                _lma_data_start = _lma_ldsec_end
                0x0000000010400afc                _cp_data_start = (_vsbtsec + _lma_data_start)

.data           0x0000000001000000        0x4 load address 0x0000000000000afc
                0x0000000001000000                . = ALIGN (0x4)
                0x0000000001000000                _sdata = .
                0x0000000001000000                _ram_start = .
                0x0000000001000000                . = ALIGN (0x4)
 *(.data)
 *(.data*)
 *(.sdata)
 *(.sdata*)
 .sdata.irq_mask
                0x0000000001000000        0x4 ./system/irq.o
                0x0000000001000000                irq_mask
                0x0000000001000004                . = ALIGN (0x4)
                0x0000000001000004                _edata = .
                0x0000000000000b00                _lma_data_end = (_lma_data_start + SIZEOF (.data))
                0x0000000010400b00                _cp_data_end = (_vsbtsec + _lma_data_end)

.bss            0x0000000001000004        0x8 load address 0x0000000000000b00
                0x0000000001000004                . = ALIGN (0x4)
                0x0000000001000004                _sbss = .
 *(.bss)
 *(.bss*)
 *(.sbss)
 *(.sbss*)
 *(COMMON)
 COMMON         0x0000000001000004        0x8 ./user/main.o
                0x0000000001000004                tmp0
                0x0000000001000008                tmp1
                0x000000000100000c                . = ALIGN (0x4)
                0x000000000100000c                _ebss = .

.heap           0x000000000100000c        0x0
                0x000000000100000c                . = ALIGN (0x4)
                0x000000000100000c                _heap_start = .
                0x0000000000000b00                _lma_eh_frame_start = _lma_data_end

.eh_frame       0x000000000100000c        0x0 load address 0x0000000000000b00
                0x000000000100000c                . = ALIGN (0x4)
OUTPUT(gowin_picorv32.elf elf32-littleriscv)

.debug_info     0x0000000000000000     0x3225
 .debug_info    0x0000000000000000      0xc6b ./user/main.o
 .debug_info    0x0000000000000c6b      0xe50 ./user/printf.o
 .debug_info    0x0000000000001abb      0xcb8 ./system/irq.o
 .debug_info    0x0000000000002773       0x26 ./startup/start.o
 .debug_info    0x0000000000002799      0xa8c ./peripherals/sources/wbuart.o

.debug_abbrev   0x0000000000000000      0xada
 .debug_abbrev  0x0000000000000000      0x276 ./user/main.o
 .debug_abbrev  0x0000000000000276      0x302 ./user/printf.o
 .debug_abbrev  0x0000000000000578      0x2d3 ./system/irq.o
 .debug_abbrev  0x000000000000084b       0x14 ./startup/start.o
 .debug_abbrev  0x000000000000085f      0x27b ./peripherals/sources/wbuart.o

.debug_loc      0x0000000000000000      0xba4
 .debug_loc     0x0000000000000000       0x2a ./user/main.o
 .debug_loc     0x000000000000002a      0x93b ./user/printf.o
 .debug_loc     0x0000000000000965      0x1bd ./system/irq.o
 .debug_loc     0x0000000000000b22       0x82 ./peripherals/sources/wbuart.o

.debug_aranges  0x0000000000000000      0x120
 .debug_aranges
                0x0000000000000000       0x28 ./user/main.o
 .debug_aranges
                0x0000000000000028       0x58 ./user/printf.o
 .debug_aranges
                0x0000000000000080       0x48 ./system/irq.o
 .debug_aranges
                0x00000000000000c8       0x20 ./startup/start.o
 .debug_aranges
                0x00000000000000e8       0x38 ./peripherals/sources/wbuart.o

.debug_ranges   0x0000000000000000      0x160
 .debug_ranges  0x0000000000000000       0x18 ./user/main.o
 .debug_ranges  0x0000000000000018       0x80 ./user/printf.o
 .debug_ranges  0x0000000000000098       0xa0 ./system/irq.o
 .debug_ranges  0x0000000000000138       0x28 ./peripherals/sources/wbuart.o

.debug_macro    0x0000000000000000     0x2789
 .debug_macro   0x0000000000000000      0x24e ./user/main.o
 .debug_macro   0x000000000000024e      0x754 ./user/main.o
 .debug_macro   0x00000000000009a2       0x22 ./user/main.o
 .debug_macro   0x00000000000009c4       0x22 ./user/main.o
 .debug_macro   0x00000000000009e6       0x8e ./user/main.o
 .debug_macro   0x0000000000000a74       0x51 ./user/main.o
 .debug_macro   0x0000000000000ac5       0xef ./user/main.o
 .debug_macro   0x0000000000000bb4       0x6a ./user/main.o
 .debug_macro   0x0000000000000c1e      0x1df ./user/main.o
 .debug_macro   0x0000000000000dfd       0x58 ./user/main.o
 .debug_macro   0x0000000000000e55       0x19 ./user/main.o
 .debug_macro   0x0000000000000e6e       0x34 ./user/main.o
 .debug_macro   0x0000000000000ea2       0x34 ./user/main.o
 .debug_macro   0x0000000000000ed6       0x16 ./user/main.o
 .debug_macro   0x0000000000000eec       0x97 ./user/main.o
 .debug_macro   0x0000000000000f83      0x330 ./user/main.o
 .debug_macro   0x00000000000012b3       0xfd ./user/main.o
 .debug_macro   0x00000000000013b0       0x10 ./user/main.o
 .debug_macro   0x00000000000013c0       0x58 ./user/main.o
 .debug_macro   0x0000000000001418       0x1f ./user/main.o
 .debug_macro   0x0000000000001437       0x43 ./user/main.o
 .debug_macro   0x000000000000147a       0x20 ./user/main.o
 .debug_macro   0x000000000000149a      0x18e ./user/main.o
 .debug_macro   0x0000000000001628       0x10 ./user/main.o
 .debug_macro   0x0000000000001638       0x1c ./user/main.o
 .debug_macro   0x0000000000001654       0x52 ./user/main.o
 .debug_macro   0x00000000000016a6       0x40 ./user/main.o
 .debug_macro   0x00000000000016e6       0x10 ./user/main.o
 .debug_macro   0x00000000000016f6       0x40 ./user/main.o
 .debug_macro   0x0000000000001736       0xd7 ./user/main.o
 .debug_macro   0x000000000000180d       0x1c ./user/main.o
 .debug_macro   0x0000000000001829       0x3d ./user/main.o
 .debug_macro   0x0000000000001866       0x16 ./user/main.o
 .debug_macro   0x000000000000187c      0x16f ./user/main.o
 .debug_macro   0x00000000000019eb       0x22 ./user/main.o
 .debug_macro   0x0000000000001a0d       0x99 ./user/main.o
 .debug_macro   0x0000000000001aa6       0x16 ./user/main.o
 .debug_macro   0x0000000000001abc       0x58 ./user/main.o
 .debug_macro   0x0000000000001b14       0x10 ./user/main.o
 .debug_macro   0x0000000000001b24       0x35 ./user/main.o
 .debug_macro   0x0000000000001b59      0x4cc ./user/main.o
 .debug_macro   0x0000000000002025      0x1f2 ./user/printf.o
 .debug_macro   0x0000000000002217       0x58 ./user/printf.o
 .debug_macro   0x000000000000226f      0x207 ./system/irq.o
 .debug_macro   0x0000000000002476       0x52 ./system/irq.o
 .debug_macro   0x00000000000024c8       0x94 ./system/irq.o
 .debug_macro   0x000000000000255c       0x57 ./system/irq.o
 .debug_macro   0x00000000000025b3      0x1d6 ./peripherals/sources/wbuart.o

.debug_line     0x0000000000000000     0x229d
 .debug_line    0x0000000000000000      0x65c ./user/main.o
 .debug_line    0x000000000000065c      0xc34 ./user/printf.o
 .debug_line    0x0000000000001290      0x7ea ./system/irq.o
 .debug_line    0x0000000000001a7a      0x319 ./startup/start.o
 .debug_line    0x0000000000001d93      0x50a ./peripherals/sources/wbuart.o

.debug_str      0x0000000000000000     0x8e61
 .debug_str     0x0000000000000000     0x8b73 ./user/main.o
                                       0x8db0 (size before relaxing)
 .debug_str     0x0000000000008b73      0x1c8 ./user/printf.o
                                       0x79f6 (size before relaxing)
 .debug_str     0x0000000000008d3b       0x9a ./system/irq.o
                                       0x7943 (size before relaxing)
 .debug_str     0x0000000000008dd5       0x1f ./startup/start.o
                                         0x45 (size before relaxing)
 .debug_str     0x0000000000008df4       0x6d ./peripherals/sources/wbuart.o
                                       0x7894 (size before relaxing)

.comment        0x0000000000000000       0x39
 .comment       0x0000000000000000       0x39 ./user/main.o
                                         0x3a (size before relaxing)
 .comment       0x0000000000000039       0x3a ./user/printf.o
 .comment       0x0000000000000039       0x3a ./system/irq.o
 .comment       0x0000000000000039       0x3a ./peripherals/sources/wbuart.o

.debug_frame    0x0000000000000000      0x2d4
 .debug_frame   0x0000000000000000       0x50 ./user/main.o
 .debug_frame   0x0000000000000050      0x12c ./user/printf.o
 .debug_frame   0x000000000000017c       0xfc ./system/irq.o
 .debug_frame   0x0000000000000278       0x5c ./peripherals/sources/wbuart.o
